Listing for tst/ast-checks/tst00001.ada:
========================================
     1   PI : CONSTANT := 3.14159;
     2


PRINTING THE AST STRUCTURE
==========================
ObjectDeclaration
  names
    --> pi
  constant --> true
  typeSpec
    (null)
  initializer
    RealLiteralExpr
      value --> 3.14159


