Listing for tst/ast-checks/tst00005.ada:
========================================
     1   PI : CONSTANT REAL := 3.14159;
     2


PRINTING THE AST STRUCTURE
==========================
ObjectDeclaration
  names
    --> pi
  constant --> true
  typeSpec
    SubtypeIndication
      type mark
        SimpleName
          id --> real
      constraint
        (null)
  initializer
    RealLiteralExpr
      value --> 3.14159
