Listing for tst/ast-checks/tst00003.ada:
========================================
     1   PASSTIME : CONSTANT := "Now is the time...";
     2


PRINTING THE AST STRUCTURE
==========================
ObjectDeclaration
  names
    --> passtime
  constant --> true
  typeSpec
    (null)
  initializer
    StringLiteralExpr
      value --> Now is the time...
